// Jest Snapshot v1, https://goo.gl/fbAQLP

exports[`PlayerControls component should render correctly: PlayerControls renders with no props 1`] = `ShallowWrapper {}`;
