// Jest Snapshot v1, https://goo.gl/fbAQLP

exports[`SearchInput component should render correctly: SearchInput renders without props 1`] = `ShallowWrapper {}`;
