// Jest Snapshot v1, https://goo.gl/fbAQLP

exports[`App component should render correctly: App filters with no props 1`] = `ShallowWrapper {}`;
